Welcome to [1m SCAD3[m $Revision: 1.6 $ ---
 	[1mSymbolic Circuit Analysis with Determinant Decision Diagrams[m 
	Copyright (c) 1998 - 2002 X.-D. Sheldon Tan 
	'h' for help
: source p.sp
[0:00.0u 0:00.0s 29k]
: run
IMPLICIT NUMERICAL AC ANALYSIS ...
number of element is: 21


THE MNA BOOLEAN MATRIX 
(1) [  1   1   1   0   0   0 ]
(2) [  1   1   1   1   1   0 ]
(3) [  0   1   1   0   0   1 ]
(4) [  1   1   0   1   1   1 ]
(5) [  0   1   0   0   1   0 ]
(6) [  0   0   1   1   0   1 ]




THE INDEX MATRIX 
(1) [ 17  14  13   0   0   0 ]
(2) [ 16  12   9   8  19   0 ]
(3) [  0  11   7   0   0   5 ]
(4) [ 15  10   0   4  18   2 ]
(5) [  0  20   0   0  21   0 ]
(6) [  0   0   6   3   0   1 ]


Init_label:0
STATISTIC INFO FOR THE DDD
#nodes (DDD): 42
#paths (DDD): 28
row(real, index)
---------------------
row(4,1)  (1,3)( + gm1a );(1,1)( + 1/rds1a  + s*(cbd1a)  + gm2a  + 1/rds2a  + s*(cbd2a+cgs2a+cgs2b) );(1,2)( - gm1a  - 1/rds1a  - s*(cbd1a) );
row(3,2)  (2,3)( - gm1a  - s*(cgs1a) );(2,1)( - 1/rds1a  - s*(cbd1a) );(2,2)( + gm1a  + 1/rds1a  + s*(cbd1a)  + s*(cgs1a)  + gm1b  + 1/rds1b  + s*(cbd1b)  + s*(cgs1b)  + 1/rds5  + s*(cbd5) );(2,4)( - 1/rds1b  - s*(cbd1b) );(2,5)( - gm1b  - s*(cgs1b) );
row(7,3)  (3,3)( + s*(cgs1a)  + 1/rv- );(3,2)( - s*(cgs1a) );(3,6)( - 1/rv- );
row(5,4)  (4,5)( + gm1b );(4,1)( + gm2b );(4,4)( + 1/rds1b  + s*(cbd1b)  + 1/rds2b  + s*(cbd2b+cgs3)  + s*(cc) );(4,2)( - gm1b  - 1/rds1b  - s*(cbd1b) );(4,6)( - s*(cc) );
row(8,5)  (5,5)( + s*(cgs1b) );(5,2)( - s*(cgs1b) );
row(6,6)  (6,4)( + gm3  - s*(cc) );(6,3)( - 1/rv- );(6,6)( + 1/rds3+rds4+rl  + s*(cbd3+cbd4+cgd4+cl)  + s*(cc)  + 1/rv- );
---------------------

DDD construction time: 0
BUILDING SYMBOLIC EXPRESSIONS ...
BUILDING COFACTOR (5 6) ...
MATRIX EXPANSION IS PERFORMED...
STATISTIC INFO FOR THE DDD
#nodes (DDD): 20
#paths (DDD): 9
BUILDING COFACTOR (5 5) ...
COFACTOR IS PRESENT.
STATISTIC INFO FOR THE DDD
#nodes (DDD): 33
#paths (DDD): 20
END OF BUILDING SYMBOLIC EXPRESSIONS
FREQUENCY SWEEPING ...
END OF FREQUENCY SWEEPING 
Evaluation time time: 0.01
END OF NUMERICAL AC ANALYSIS
[0:00.0u 0:00.0s 57k]
: expddd decancel
Construct fcoeff ddd from ddd ...
Max branch number: 10
new fcoeff sDDD decancellation map construction...
size of de-cancel map list:242
A vccs branch with other branch .... branch: gm1a and branch: rds1a
add label: 163 cancel label: 112
add label: 152 cancel label: 143
add label: 192 cancel label: 112
add label: 182 cancel label: 152
add label: 192 cancel label: 142
add label: 182 cancel label: 162
A vccs branch with other branch .... branch: gm1a and branch: cbd1a
add label: 164 cancel label: 112
add label: 152 cancel label: 144
add label: 193 cancel label: 112
add label: 183 cancel label: 152
add label: 193 cancel label: 142
add label: 183 cancel label: 162
A vccs branch with other branch .... branch: gm1a and branch: cgs1a
add label: 132 cancel label: 112
add label: 142 cancel label: 92
add label: 152 cancel label: 132
add label: 162 cancel label: 92
add label: 152 cancel label: 145
add label: 162 cancel label: 113
A vccs branch with other branch .... branch: gm1a and branch: gm1b
A vccs branch with other branch .... branch: gm1a and branch: rds1b
A vccs branch with other branch .... branch: gm1a and branch: cbd1b
A vccs branch with other branch .... branch: gm1a and branch: cgs1b
A vccs branch with other branch .... branch: gm1a and branch: gm2a
A vccs branch with other branch .... branch: gm1a and branch: rds2a
A vccs branch with other branch .... branch: gm1a and branch: cbd2a+cgs2a+cgs2b
A vccs branch with other branch .... branch: gm1a and branch: gm2b
A vccs branch with other branch .... branch: gm1a and branch: rds2b
A vccs branch with other branch .... branch: gm1a and branch: cbd2b+cgs3
A vccs branch with other branch .... branch: gm1a and branch: gm3
A vccs branch with other branch .... branch: gm1a and branch: rds3+rds4+rl
A vccs branch with other branch .... branch: gm1a and branch: cbd3+cbd4+cgd4+cl
A vccs branch with other branch .... branch: gm1a and branch: rds5
A vccs branch with other branch .... branch: gm1a and branch: cbd5
A vccs branch with other branch .... branch: gm1a and branch: cc
A vccs branch with other branch .... branch: gm1a and branch: rv-
Bname:gm1a n1:1 n1:2 n3:3 n4:2
add label: 152 cancel label: 142
add label: 162 cancel label: 112
Bname:rds1a n1:1 n2:2
add label: 192 cancel label: 143
add label: 182 cancel label: 163
Bname:cbd1a n1:2 n2:1
add label: 193 cancel label: 144
add label: 183 cancel label: 164
Bname:cgs1a n1:3 n2:2
add label: 145 cancel label: 92
add label: 132 cancel label: 113
A vccs branch with other branch .... branch: gm1b and branch: gm1a
A vccs branch with other branch .... branch: gm1b and branch: rds1a
A vccs branch with other branch .... branch: gm1b and branch: cbd1a
A vccs branch with other branch .... branch: gm1b and branch: cgs1a
A vccs branch with other branch .... branch: gm1b and branch: rds1b
add label: 202 cancel label: 102
add label: 212 cancel label: 62
add label: 202 cancel label: 147
add label: 212 cancel label: 123
add label: 122 cancel label: 102
add label: 146 cancel label: 62
A vccs branch with other branch .... branch: gm1b and branch: cbd1b
add label: 202 cancel label: 103
add label: 212 cancel label: 63
add label: 202 cancel label: 148
add label: 212 cancel label: 124
add label: 122 cancel label: 103
add label: 146 cancel label: 63
A vccs branch with other branch .... branch: gm1b and branch: cgs1b
add label: 222 cancel label: 202
add label: 232 cancel label: 122
add label: 202 cancel label: 149
add label: 213 cancel label: 122
add label: 222 cancel label: 212
add label: 232 cancel label: 146
A vccs branch with other branch .... branch: gm1b and branch: gm2a
A vccs branch with other branch .... branch: gm1b and branch: rds2a
A vccs branch with other branch .... branch: gm1b and branch: cbd2a+cgs2a+cgs2b
A vccs branch with other branch .... branch: gm1b and branch: gm2b
A vccs branch with other branch .... branch: gm1b and branch: rds2b
A vccs branch with other branch .... branch: gm1b and branch: cbd2b+cgs3
A vccs branch with other branch .... branch: gm1b and branch: gm3
A vccs branch with other branch .... branch: gm1b and branch: rds3+rds4+rl
A vccs branch with other branch .... branch: gm1b and branch: cbd3+cbd4+cgd4+cl
A vccs branch with other branch .... branch: gm1b and branch: rds5
A vccs branch with other branch .... branch: gm1b and branch: cbd5
A vccs branch with other branch .... branch: gm1b and branch: cc
A vccs branch with other branch .... branch: gm1b and branch: rv-
Bname:gm1b n1:4 n1:2 n3:5 n4:2
add label: 202 cancel label: 146
add label: 212 cancel label: 122
Bname:rds1b n1:4 n2:2
add label: 147 cancel label: 62
add label: 123 cancel label: 102
Bname:cbd1b n1:2 n2:4
add label: 148 cancel label: 63
add label: 124 cancel label: 103
Bname:cgs1b n1:5 n2:2
add label: 232 cancel label: 149
add label: 222 cancel label: 213
A vccs branch with other branch .... branch: gm2a and branch: gm1a
A vccs branch with other branch .... branch: gm2a and branch: rds1a
A vccs branch with other branch .... branch: gm2a and branch: cbd1a
A vccs branch with other branch .... branch: gm2a and branch: cgs1a
A vccs branch with other branch .... branch: gm2a and branch: gm1b
A vccs branch with other branch .... branch: gm2a and branch: rds1b
A vccs branch with other branch .... branch: gm2a and branch: cbd1b
A vccs branch with other branch .... branch: gm2a and branch: cgs1b
A vccs branch with other branch .... branch: gm2a and branch: rds2a
A vccs branch with other branch .... branch: gm2a and branch: cbd2a+cgs2a+cgs2b
A vccs branch with other branch .... branch: gm2a and branch: gm2b
A vccs branch with other branch .... branch: gm2a and branch: rds2b
A vccs branch with other branch .... branch: gm2a and branch: cbd2b+cgs3
A vccs branch with other branch .... branch: gm2a and branch: gm3
A vccs branch with other branch .... branch: gm2a and branch: rds3+rds4+rl
A vccs branch with other branch .... branch: gm2a and branch: cbd3+cbd4+cgd4+cl
A vccs branch with other branch .... branch: gm2a and branch: rds5
A vccs branch with other branch .... branch: gm2a and branch: cbd5
A vccs branch with other branch .... branch: gm2a and branch: cc
A vccs branch with other branch .... branch: gm2a and branch: rv-
A vccs branch with other branch .... branch: gm2b and branch: gm1a
A vccs branch with other branch .... branch: gm2b and branch: rds1a
A vccs branch with other branch .... branch: gm2b and branch: cbd1a
A vccs branch with other branch .... branch: gm2b and branch: cgs1a
A vccs branch with other branch .... branch: gm2b and branch: gm1b
A vccs branch with other branch .... branch: gm2b and branch: rds1b
A vccs branch with other branch .... branch: gm2b and branch: cbd1b
A vccs branch with other branch .... branch: gm2b and branch: cgs1b
A vccs branch with other branch .... branch: gm2b and branch: gm2a
A vccs branch with other branch .... branch: gm2b and branch: rds2a
A vccs branch with other branch .... branch: gm2b and branch: cbd2a+cgs2a+cgs2b
A vccs branch with other branch .... branch: gm2b and branch: rds2b
A vccs branch with other branch .... branch: gm2b and branch: cbd2b+cgs3
A vccs branch with other branch .... branch: gm2b and branch: gm3
A vccs branch with other branch .... branch: gm2b and branch: rds3+rds4+rl
A vccs branch with other branch .... branch: gm2b and branch: cbd3+cbd4+cgd4+cl
A vccs branch with other branch .... branch: gm2b and branch: rds5
A vccs branch with other branch .... branch: gm2b and branch: cbd5
A vccs branch with other branch .... branch: gm2b and branch: cc
A vccs branch with other branch .... branch: gm2b and branch: rv-
A vccs branch with other branch .... branch: gm3 and branch: gm1a
A vccs branch with other branch .... branch: gm3 and branch: rds1a
A vccs branch with other branch .... branch: gm3 and branch: cbd1a
A vccs branch with other branch .... branch: gm3 and branch: cgs1a
A vccs branch with other branch .... branch: gm3 and branch: gm1b
A vccs branch with other branch .... branch: gm3 and branch: rds1b
A vccs branch with other branch .... branch: gm3 and branch: cbd1b
A vccs branch with other branch .... branch: gm3 and branch: cgs1b
A vccs branch with other branch .... branch: gm3 and branch: gm2a
A vccs branch with other branch .... branch: gm3 and branch: rds2a
A vccs branch with other branch .... branch: gm3 and branch: cbd2a+cgs2a+cgs2b
A vccs branch with other branch .... branch: gm3 and branch: gm2b
A vccs branch with other branch .... branch: gm3 and branch: rds2b
A vccs branch with other branch .... branch: gm3 and branch: cbd2b+cgs3
A vccs branch with other branch .... branch: gm3 and branch: rds3+rds4+rl
A vccs branch with other branch .... branch: gm3 and branch: cbd3+cbd4+cgd4+cl
A vccs branch with other branch .... branch: gm3 and branch: rds5
A vccs branch with other branch .... branch: gm3 and branch: cbd5
A vccs branch with other branch .... branch: gm3 and branch: cc
A vccs branch with other branch .... branch: gm3 and branch: rv-
Bname:cc n1:4 n2:6
add label: 66 cancel label: 34
add label: 53 cancel label: 42
Bname:rv- n1:3 n2:6
add label: 93 cancel label: 35
add label: 82 cancel label: 72
End of new sDDD decancellation map construction
dump label and its cancelling labels ... 
 label: 53 --> 42 
 label: 66 --> 34 
 label: 82 --> 72 
 label: 93 --> 35 
 label: 122 --> 102 103 
 label: 123 --> 102 
 label: 124 --> 103 
 label: 132 --> 112 113 
 label: 142 --> 92 
 label: 145 --> 92 
 label: 146 --> 62 63 
 label: 147 --> 62 
 label: 148 --> 63 
 label: 152 --> 143 144 132 145 142 
 label: 162 --> 92 113 112 
 label: 163 --> 112 
 label: 164 --> 112 
 label: 182 --> 152 162 163 
 label: 183 --> 152 162 164 
 label: 192 --> 112 142 143 
 label: 193 --> 112 142 144 
 label: 202 --> 102 147 103 148 149 146 
 label: 212 --> 62 123 63 124 122 
 label: 213 --> 122 
 label: 222 --> 202 212 213 
 label: 232 --> 122 146 149 

Building coefficient for numerator

Statisitic for numerator coefficient list
########## statistics for fully expanded coefficient list

fcoefficient of order: 0
#paths (DDD): 9

fcoefficient of order: 1
#paths (DDD): 40

fcoefficient of order: 2
#paths (DDD): 70

fcoefficient of order: 3
#paths (DDD): 56

fcoefficient of order: 4
#paths (DDD): 19

fcoefficient of order: 5
#paths (DDD): 2

fcoefficient of order: 6
#paths (DDD): 0
The total paths is 196
########## end of fcoefficient list

Building coefficient for denominator

Statisitic for denominator coefficient list
########## statistics for fully expanded coefficient list

fcoefficient of order: 0
#paths (DDD): 29

fcoefficient of order: 1
#paths (DDD): 205

fcoefficient of order: 2
#paths (DDD): 522

fcoefficient of order: 3
#paths (DDD): 543

fcoefficient of order: 4
#paths (DDD): 228

fcoefficient of order: 5
#paths (DDD): 31

fcoefficient of order: 6
#paths (DDD): 0
The total paths is 1558
########## end of fcoefficient list
total constrction time: 0
total coeff evaluation time: 0.01
[0:00.0u 0:00.0s 277k]
: simpcoeff
Simplify fcoefficient ddd list ... 
Use the fourth term generation method (method4, dynamic + DDD manipulation)...
freq[0]: 1.000000
order: 0, nfreq: 1
number of terms generated: 9
order: 1, nfreq: 1
number of terms generated: 49
order: 2, nfreq: 1
number of terms generated: 119
order: 3, nfreq: 1
D:164 is added at vertex:163 #1-edge = 1
D:151 is added at vertex:(ptr->)DDDnode 0x80c82c0 v=143 ref=4
  true=92, 0x80bf280 false=-1, 0x80afdf0
 # 0-edge = 2 update_list size: 1
D: 143 # of incoming 0-edge: 2
D:151 is added at vertex:(ptr->)DDDnode 0x80c82c0 v=143 ref=4
  true=92, 0x80bf280 false=-1, 0x80afdf0
 # 0-edge = 2 update_list size: 2
parent D: 163 size: 1
number of terms generated: 174
order: 4, nfreq: 1
number of terms generated: 193
order: 5, nfreq: 1
number of terms generated: 195
order: 6, nfreq: 1
number of terms generated: 195
order: 0, nfreq: 1
number of terms generated: 224
order: 1, nfreq: 1
D:66 is added at vertex:(ptr->)DDDnode 0x80da5e0 v=52 ref=4
  true=42, 0x80d97a8 false=-1, 0x80afdf0
 # 0-edge = 3 update_list size: 1
D: 52 # of incoming 0-edge: 3
D:35 is added at vertex:32 #1-edge = 12
D:93 is added at vertex:(ptr->)DDDnode 0x80dc808 v=92 ref=2
  true=64, 0x80d9b78 false=-1, 0x80afdf0
 # 0-edge = 2 update_list size: 1
D:66 is added at vertex:(ptr->)DDDnode 0x80da5e0 v=52 ref=4
  true=42, 0x80d97a8 false=-1, 0x80afdf0
 # 0-edge = 3 update_list size: 2
D: 92 # of incoming 0-edge: 2
D:93 is added at vertex:(ptr->)DDDnode 0x80dc808 v=92 ref=2
  true=64, 0x80d9b78 false=-1, 0x80afdf0
 # 0-edge = 2 update_list size: 2
D:66 is added at vertex:(ptr->)DDDnode 0x80da5e0 v=52 ref=4
  true=42, 0x80d97a8 false=-1, 0x80afdf0
 # 0-edge = 3 update_list size: 3
D:112 is added at vertex:102 #1-edge = 2
D:113 is added at vertex:(ptr->)DDDnode 0x80e14a0 v=103 ref=2
  true=93, 0x80e0c78 false=-1, 0x80afdf0
 # 0-edge = 2 update_list size: 1
D: 103 # of incoming 0-edge: 2
D:113 is added at vertex:(ptr->)DDDnode 0x80e14a0 v=103 ref=2
  true=93, 0x80e0c78 false=-1, 0x80afdf0
 # 0-edge = 2 update_list size: 2
parent D: 32 size: 1
parent D: 102 size: 1
number of terms generated: 416
order: 2, nfreq: 1
D:93 is added at vertex:(ptr->)DDDnode 0x80daa90 v=92 ref=2
  true=64, 0x80d9c78 false=-1, 0x80afdf0
 # 0-edge = 2 update_list size: 1
D:66 is added at vertex:(ptr->)DDDnode 0x80da498 v=62 ref=3
  true=34, 0x80d9298 false=52, 0x80da5e0
 # 0-edge = 3 update_list size: 1
D:66 is added at vertex:(ptr->)DDDnode 0x80da5e0 v=52 ref=9
  true=42, 0x80d97a8 false=-1, 0x80afdf0
 # 0-edge = 4 update_list size: 1
D:34 is added at vertex:33 #1-edge = 2
D: 62 # of incoming 0-edge: 3
D: 52 # of incoming 0-edge: 4
D: 92 # of incoming 0-edge: 2
D:35 is added at vertex:32 #1-edge = 13
D:93 is added at vertex:(ptr->)DDDnode 0x80dc808 v=92 ref=4
  true=64, 0x80d9b78 false=-1, 0x80afdf0
 # 0-edge = 2 update_list size: 1
D:66 is added at vertex:(ptr->)DDDnode 0x80da5e0 v=52 ref=9
  true=42, 0x80d97a8 false=-1, 0x80afdf0
 # 0-edge = 4 update_list size: 2
D: 92 # of incoming 0-edge: 2
D:93 is added at vertex:(ptr->)DDDnode 0x80dc808 v=92 ref=4
  true=64, 0x80d9b78 false=-1, 0x80afdf0
 # 0-edge = 2 update_list size: 2
D:66 is added at vertex:(ptr->)DDDnode 0x80dcb68 v=64 ref=2
  true=34, 0x80d9298 false=52, 0x80da5e0
 # 0-edge = 2 update_list size: 1
D:66 is added at vertex:(ptr->)DDDnode 0x80da5e0 v=52 ref=9
  true=42, 0x80d97a8 false=-1, 0x80afdf0
 # 0-edge = 4 update_list size: 3
D: 64 # of incoming 0-edge: 2
D:112 is added at vertex:102 #1-edge = 1
D:113 is added at vertex:(ptr->)DDDnode 0x80e14a0 v=103 ref=6
  true=93, 0x80e0c78 false=-1, 0x80afdf0
 # 0-edge = 2 update_list size: 1
D: 103 # of incoming 0-edge: 2
D:151 is added at vertex:(ptr->)DDDnode 0x80e2198 v=123 ref=2
  true=113, 0x80e1d68 false=122, 0x80e1e00
 # 0-edge = 2 update_list size: 1
D:66 is added at vertex:(ptr->)DDDnode 0x80da498 v=62 ref=3
  true=34, 0x80d9298 false=52, 0x80da5e0
 # 0-edge = 3 update_list size: 2
D:66 is added at vertex:(ptr->)DDDnode 0x80da5e0 v=52 ref=9
  true=42, 0x80d97a8 false=-1, 0x80afdf0
 # 0-edge = 4 update_list size: 4
D:93 is added at vertex:(ptr->)DDDnode 0x80daa90 v=92 ref=2
  true=64, 0x80d9c78 false=-1, 0x80afdf0
 # 0-edge = 2 update_list size: 2
D:66 is added at vertex:(ptr->)DDDnode 0x80da498 v=62 ref=3
  true=34, 0x80d9298 false=52, 0x80da5e0
 # 0-edge = 3 update_list size: 3
D:66 is added at vertex:(ptr->)DDDnode 0x80da5e0 v=52 ref=9
  true=42, 0x80d97a8 false=-1, 0x80afdf0
 # 0-edge = 4 update_list size: 5
D:66 is added at vertex:(ptr->)DDDnode 0x80da5e0 v=52 ref=9
  true=42, 0x80d97a8 false=-1, 0x80afdf0
 # 0-edge = 4 update_list size: 6
D:66 is added at vertex:(ptr->)DDDnode 0x80dcb68 v=64 ref=2
  true=34, 0x80d9298 false=52, 0x80da5e0
 # 0-edge = 2 update_list size: 2
D:66 is added at vertex:(ptr->)DDDnode 0x80da5e0 v=52 ref=9
  true=42, 0x80d97a8 false=-1, 0x80afdf0
 # 0-edge = 4 update_list size: 7
D:113 is added at vertex:(ptr->)DDDnode 0x80e13c0 v=102 ref=3
  true=93, 0x80e0d78 false=-1, 0x80afdf0
 # 0-edge = 3 update_list size: 1
D: 102 # of incoming 0-edge: 3
D: 123 # of incoming 0-edge: 2
D:113 is added at vertex:(ptr->)DDDnode 0x80e14a0 v=103 ref=6
  true=93, 0x80e0c78 false=-1, 0x80afdf0
 # 0-edge = 2 update_list size: 2
D:151 is added at vertex:(ptr->)DDDnode 0x80e2198 v=123 ref=2
  true=113, 0x80e1d68 false=122, 0x80e1e00
 # 0-edge = 2 update_list size: 2
D:113 is added at vertex:(ptr->)DDDnode 0x80e13c0 v=102 ref=3
  true=93, 0x80e0d78 false=-1, 0x80afdf0
 # 0-edge = 3 update_list size: 2
D:113 is added at vertex:(ptr->)DDDnode 0x80e13c0 v=102 ref=3
  true=93, 0x80e0d78 false=-1, 0x80afdf0
 # 0-edge = 3 update_list size: 3
parent D: 32 size: 1
parent D: 102 size: 1
(two 0edge)D: (ptr->)DDDnode 0x80da5e0 v=52 ref=9
  true=42, 0x80d97a8 false=-1, 0x80afdf0
 size: 7
(ptr->)DDDnode 0x80daf40 v=66 ref=4
  true=32, 0x80d9118 false=65, 0x80daed8

(ptr->)DDDnode 0x80dca08 v=66 ref=1
  true=32, 0x80d9118 false=65, 0x80dc9a0

(ptr->)DDDnode 0x80da1e0 v=66 ref=9
  true=35, 0x80d9398 false=65, 0x80da178

(ptr->)DDDnode 0x80ddd28 v=66 ref=1
  true=32, 0x80d9118 false=65, 0x80ddcc0

(ptr->)DDDnode 0x80dcf50 v=66 ref=1
  true=35, 0x80d9398 false=65, 0x80dcee8

(ptr->)DDDnode 0x80dd1b0 v=66 ref=1
  true=35, 0x80d9398 false=65, 0x80dd148

(two 0edge)D: (ptr->)DDDnode 0x80da5e0 v=52 ref=9
  true=42, 0x80d97a8 false=-1, 0x80afdf0
 size: 7
(ptr->)DDDnode 0x80dca08 v=66 ref=1
  true=32, 0x80d9118 false=65, 0x80dc9a0

(ptr->)DDDnode 0x80dcc38 v=66 ref=1
  true=32, 0x80d9118 false=65, 0x80dcbd0

(ptr->)DDDnode 0x80da1e0 v=66 ref=9
  true=35, 0x80d9398 false=65, 0x80da178

(ptr->)DDDnode 0x80ddd28 v=66 ref=1
  true=32, 0x80d9118 false=65, 0x80ddcc0

(ptr->)DDDnode 0x80dcf50 v=66 ref=1
  true=35, 0x80d9398 false=65, 0x80dcee8

(ptr->)DDDnode 0x80dd1b0 v=66 ref=1
  true=35, 0x80d9398 false=65, 0x80dd148

(two 0edge)D: (ptr->)DDDnode 0x80da5e0 v=52 ref=9
  true=42, 0x80d97a8 false=-1, 0x80afdf0
 size: 7
(ptr->)DDDnode 0x80daf40 v=66 ref=4
  true=32, 0x80d9118 false=65, 0x80daed8

(ptr->)DDDnode 0x80dca08 v=66 ref=1
  true=32, 0x80d9118 false=65, 0x80dc9a0

(ptr->)DDDnode 0x80da1e0 v=66 ref=9
  true=35, 0x80d9398 false=65, 0x80da178

(ptr->)DDDnode 0x80ddd28 v=66 ref=1
  true=32, 0x80d9118 false=65, 0x80ddcc0

(ptr->)DDDnode 0x80dcf50 v=66 ref=1
  true=35, 0x80d9398 false=65, 0x80dcee8

(ptr->)DDDnode 0x80dd1b0 v=66 ref=1
  true=35, 0x80d9398 false=65, 0x80dd148

(two 0edge)D: (ptr->)DDDnode 0x80da5e0 v=52 ref=9
  true=42, 0x80d97a8 false=-1, 0x80afdf0
 size: 7
(ptr->)DDDnode 0x80dca08 v=66 ref=1
  true=32, 0x80d9118 false=65, 0x80dc9a0

(ptr->)DDDnode 0x80dcc38 v=66 ref=1
  true=32, 0x80d9118 false=65, 0x80dcbd0

(ptr->)DDDnode 0x80da1e0 v=66 ref=9
  true=35, 0x80d9398 false=65, 0x80da178

(ptr->)DDDnode 0x80ddd28 v=66 ref=1
  true=32, 0x80d9118 false=65, 0x80ddcc0

(ptr->)DDDnode 0x80dcf50 v=66 ref=1
  true=35, 0x80d9398 false=65, 0x80dcee8

(ptr->)DDDnode 0x80dd1b0 v=66 ref=1
  true=35, 0x80d9398 false=65, 0x80dd148

number of terms generated: 946
order: 3, nfreq: 1
D:151 is added at vertex:(ptr->)DDDnode 0x80e2198 v=123 ref=4
  true=113, 0x80e1d68 false=122, 0x80e1e00
 # 0-edge = 2 update_list size: 1
D:93 is added at vertex:(ptr->)DDDnode 0x80daa90 v=92 ref=2
  true=64, 0x80d9c78 false=-1, 0x80afdf0
 # 0-edge = 2 update_list size: 1
D:66 is added at vertex:(ptr->)DDDnode 0x80da498 v=62 ref=3
  true=34, 0x80d9298 false=52, 0x80da5e0
 # 0-edge = 3 update_list size: 1
D:66 is added at vertex:(ptr->)DDDnode 0x80da5e0 v=52 ref=11
  true=42, 0x80d97a8 false=-1, 0x80afdf0
 # 0-edge = 3 update_list size: 1
D:34 is added at vertex:33 #1-edge = 2
D: 62 # of incoming 0-edge: 3
D: 52 # of incoming 0-edge: 3
D: 92 # of incoming 0-edge: 2
D:35 is added at vertex:32 #1-edge = 5
D:66 is added at vertex:(ptr->)DDDnode 0x80da498 v=62 ref=3
  true=34, 0x80d9298 false=52, 0x80da5e0
 # 0-edge = 3 update_list size: 2
D:66 is added at vertex:(ptr->)DDDnode 0x80da5e0 v=52 ref=11
  true=42, 0x80d97a8 false=-1, 0x80afdf0
 # 0-edge = 3 update_list size: 2
D:93 is added at vertex:(ptr->)DDDnode 0x80daa90 v=92 ref=2
  true=64, 0x80d9c78 false=-1, 0x80afdf0
 # 0-edge = 2 update_list size: 2
D:66 is added at vertex:(ptr->)DDDnode 0x80ddc58 v=64 ref=2
  true=34, 0x80d9298 false=62, 0x80da498
 # 0-edge = 2 update_list size: 1
D:66 is added at vertex:(ptr->)DDDnode 0x80da498 v=62 ref=3
  true=34, 0x80d9298 false=52, 0x80da5e0
 # 0-edge = 3 update_list size: 3
D:66 is added at vertex:(ptr->)DDDnode 0x80da5e0 v=52 ref=11
  true=42, 0x80d97a8 false=-1, 0x80afdf0
 # 0-edge = 3 update_list size: 3
D: 64 # of incoming 0-edge: 2
D:66 is added at vertex:(ptr->)DDDnode 0x80da5e0 v=52 ref=11
  true=42, 0x80d97a8 false=-1, 0x80afdf0
 # 0-edge = 3 update_list size: 4
D:66 is added at vertex:(ptr->)DDDnode 0x80da5e0 v=52 ref=11
  true=42, 0x80d97a8 false=-1, 0x80afdf0
 # 0-edge = 3 update_list size: 5
D:113 is added at vertex:(ptr->)DDDnode 0x80e13c0 v=102 ref=4
  true=93, 0x80e0d78 false=-1, 0x80afdf0
 # 0-edge = 2 update_list size: 1
D: 102 # of incoming 0-edge: 2
D: 123 # of incoming 0-edge: 2
D:151 is added at vertex:(ptr->)DDDnode 0x80e1a58 v=132 ref=2
  true=103, 0x80dfa30 false=124, 0x80e2630
 # 0-edge = 2 update_list size: 1
D:66 is added at vertex:(ptr->)DDDnode 0x80ddc58 v=64 ref=2
  true=34, 0x80d9298 false=62, 0x80da498
 # 0-edge = 2 update_list size: 2
D:66 is added at vertex:(ptr->)DDDnode 0x80da498 v=62 ref=3
  true=34, 0x80d9298 false=52, 0x80da5e0
 # 0-edge = 3 update_list size: 4
D:66 is added at vertex:(ptr->)DDDnode 0x80da5e0 v=52 ref=11
  true=42, 0x80d97a8 false=-1, 0x80afdf0
 # 0-edge = 3 update_list size: 6
D: 132 # of incoming 0-edge: 2
D:113 is added at vertex:(ptr->)DDDnode 0x80e1420 v=102 ref=2
  true=92, 0x80e0478 false=-1, 0x80afdf0
 # 0-edge = 2 update_list size: 1
D: 102 # of incoming 0-edge: 2
D:151 is added at vertex:(ptr->)DDDnode 0x80e2198 v=123 ref=4
  true=113, 0x80e1d68 false=122, 0x80e1e00
 # 0-edge = 2 update_list size: 2
D:113 is added at vertex:(ptr->)DDDnode 0x80e13c0 v=102 ref=4
  true=93, 0x80e0d78 false=-1, 0x80afdf0
 # 0-edge = 2 update_list size: 2
D:151 is added at vertex:(ptr->)DDDnode 0x80e1a58 v=132 ref=2
  true=103, 0x80dfa30 false=124, 0x80e2630
 # 0-edge = 2 update_list size: 2
D:113 is added at vertex:(ptr->)DDDnode 0x80e1420 v=102 ref=2
  true=92, 0x80e0478 false=-1, 0x80afdf0
 # 0-edge = 2 update_list size: 2
parent D: 32 size: 1
(two 0edge)D: (ptr->)DDDnode 0x80da498 v=62 ref=3
  true=34, 0x80d9298 false=52, 0x80da5e0
 size: 4
(ptr->)DDDnode 0x80daf40 v=66 ref=4
  true=32, 0x80d9118 false=65, 0x80daed8

(ptr->)DDDnode 0x80da1e0 v=66 ref=9
  true=35, 0x80d9398 false=65, 0x80da178

(ptr->)DDDnode 0x80ddf58 v=66 ref=1
  true=35, 0x80d9398 false=65, 0x80ddef0

(two 0edge)D: (ptr->)DDDnode 0x80da5e0 v=52 ref=11
  true=42, 0x80d97a8 false=-1, 0x80afdf0
 size: 6
(ptr->)DDDnode 0x80da1e0 v=66 ref=9
  true=35, 0x80d9398 false=65, 0x80da178

(ptr->)DDDnode 0x80ddd28 v=66 ref=1
  true=32, 0x80d9118 false=65, 0x80ddcc0

(ptr->)DDDnode 0x80dcf50 v=66 ref=1
  true=35, 0x80d9398 false=65, 0x80dcee8

(ptr->)DDDnode 0x80dd1b0 v=66 ref=1
  true=35, 0x80d9398 false=65, 0x80dd148

(ptr->)DDDnode 0x80ddf58 v=66 ref=1
  true=35, 0x80d9398 false=65, 0x80ddef0

(two 0edge)D: (ptr->)DDDnode 0x80da498 v=62 ref=3
  true=34, 0x80d9298 false=52, 0x80da5e0
 size: 4
(ptr->)DDDnode 0x80daf40 v=66 ref=4
  true=32, 0x80d9118 false=65, 0x80daed8

(ptr->)DDDnode 0x80da1e0 v=66 ref=9
  true=35, 0x80d9398 false=65, 0x80da178

(ptr->)DDDnode 0x80ddf58 v=66 ref=1
  true=35, 0x80d9398 false=65, 0x80ddef0

(two 0edge)D: (ptr->)DDDnode 0x80da5e0 v=52 ref=11
  true=42, 0x80d97a8 false=-1, 0x80afdf0
 size: 6
(ptr->)DDDnode 0x80da1e0 v=66 ref=9
  true=35, 0x80d9398 false=65, 0x80da178

(ptr->)DDDnode 0x80ddd28 v=66 ref=1
  true=32, 0x80d9118 false=65, 0x80ddcc0

(ptr->)DDDnode 0x80dcf50 v=66 ref=1
  true=35, 0x80d9398 false=65, 0x80dcee8

(ptr->)DDDnode 0x80dd1b0 v=66 ref=1
  true=35, 0x80d9398 false=65, 0x80dd148

(ptr->)DDDnode 0x80ddf58 v=66 ref=1
  true=35, 0x80d9398 false=65, 0x80ddef0

number of terms generated: 1450
order: 4, nfreq: 1
D:151 is added at vertex:(ptr->)DDDnode 0x80e31d0 v=143 ref=2
  true=92, 0x80dab78 false=132, 0x80e1a58
 # 0-edge = 2 update_list size: 1
D:34 is added at vertex:33 #1-edge = 2
D:66 is added at vertex:(ptr->)DDDnode 0x80da498 v=62 ref=3
  true=34, 0x80d9298 false=52, 0x80da5e0
 # 0-edge = 2 update_list size: 1
D: 62 # of incoming 0-edge: 2
D:66 is added at vertex:(ptr->)DDDnode 0x80da498 v=62 ref=3
  true=34, 0x80d9298 false=52, 0x80da5e0
 # 0-edge = 2 update_list size: 2
D: 143 # of incoming 0-edge: 2
D:151 is added at vertex:(ptr->)DDDnode 0x80e31d0 v=143 ref=2
  true=92, 0x80dab78 false=132, 0x80e1a58
 # 0-edge = 2 update_list size: 2
parent D: 33 size: 1
number of terms generated: 1661
order: 5, nfreq: 1
D:34 is added at vertex:33 #1-edge = 2
parent D: 33 size: 1
number of terms generated: 1692
order: 6, nfreq: 1
number of terms generated: 1692
freq[1]: 10.000000
order: 0, nfreq: 1
order: 1, nfreq: 10
order: 2, nfreq: 100
order: 3, nfreq: 1000
number of terms generated: 1693
order: 4, nfreq: 10000
order: 5, nfreq: 100000
order: 6, nfreq: 1e+06
number of terms generated: 1693
order: 0, nfreq: 1
order: 1, nfreq: 10
D:35 is added at vertex:32 #1-edge = 1
number of terms generated: 1705
order: 2, nfreq: 100
D:35 is added at vertex:32 #1-edge = 2
D:93 is added at vertex:92 #1-edge = 1
D:34 is added at vertex:33 #1-edge = 1
parent D: 33 size: 1
parent D: 92 size: 1
parent D: 92 size: 1
number of terms generated: 1777
order: 3, nfreq: 1000
D:35 is added at vertex:32 #1-edge = 2
D:34 is added at vertex:33 #1-edge = 2
parent D: 33 size: 1
number of terms generated: 1865
order: 4, nfreq: 10000
D:34 is added at vertex:33 #1-edge = 1
number of terms generated: 1881
order: 5, nfreq: 100000
order: 6, nfreq: 1e+06
number of terms generated: 1881
End of simplification 
FREQUENCY SWEEPING ...
END OF FREQUENCY SWEEPING 
[0:00.6u 0:00.0s 1969k]
[0:00.6u 0:00.0s 1969k] SCAD3 done.
