Welcome to [1m SCAD3[m $Revision: 1.1 $ ---
 	[1mSymbolic Circuit Analysis with Determinant Decision Diagrams[m 
	Copyright (c) 1998, XiangDong (Sheldon) Tan 
	'h' for help
: source starzyk2_34_pino.sp
subckt: opamp
7 
6 
8 
change current ckt
begin cktcall -- 
8 
3 
2 
begin cktcall -- 
4 
5 
0 
begin cktcall -- 
6 
7 
0 
begin cktcall -- 
15 
10 
9 
begin cktcall -- 
11 
12 
0 
begin cktcall -- 
13 
14 
0 
begin cktcall -- 
22 
17 
16 
begin cktcall -- 
18 
19 
0 
begin cktcall -- 
20 
21 
0 
begin cktcall -- 
32 
26 
31 
0.020000
[0:00.0u 0:00.1s 1728k]
: ! 'run' is to perform the symbolic and numerical analysis.
: ! It first builds the MNA matrix and then derives the symbolic
: ! expressions required in terms of DDDs. Finally, it perferm
: ! the numerical evluation on the resulting symbolic expressions.
: ! The times used for DDD construation and numerical evluation
: ! are also printed out.
: ! We do twice as we have some problems with the first run.
: run
IMPLICIT NUMERICAL AC ANALYSIS ...

Building MNA for subckt: opamp
number of element is: 8


THE MNA BOOLEAN MATRIX 
(1) [  0   0   0   0   0   0 ]
(2) [  0   0   0   0   0   0 ]
(3) [  0   0   0   0   0   0 ]
(4) [  0   0   0   1   1   0 ]
(5) [  0   0   0   1   1   1 ]
(6) [  0   0   0   1   1   1 ]




THE INDEX MATRIX 
(1) [  0   0   0   0   0   0 ]
(2) [  0   0   0   0   0   0 ]
(3) [  0   0   0   0   0   0 ]
(4) [  0   0   0   4   2   0 ]
(5) [  0   0   0   6   5   8 ]
(6) [  0   0   0   3   1   7 ]


Init_label:0
STATISTIC INFO FOR THE DDD
#nodes (DDD): 9
#paths (DDD): 4
row(real, index)
---------------------
row(7,1)  (1,1)+cgs1a;(1,5)-cgs1a;
row(6,2)  (2,6)+gm3-cc;(2,2)+rds3+rds4+rl+cbd3+cbd4+cgd4+cl+cc;
row(8,3)  (3,3)+cgs1b;(3,5)-cgs1b;
row(4,4)  (4,1)+gm1a;(4,4)+rds1a+cbd1a+gm2a+rds2a+cbd2a+cgs2a+cgs2b;(4,5)-gm1a-rds1a-cbd1a;
row(3,5)  (5,1)-gm1a-cgs1a;(5,3)-gm1b-cgs1b;(5,4)-rds1a-cbd1a;(5,5)+gm1a+rds1a+cbd1a+cgs1a+gm1b+rds1b+cbd1b+cgs1b+rds5+cbd5;(5,6)-rds1b-cbd1b;
row(5,6)  (6,3)+gm1b;(6,2)-cc;(6,4)+gm2b;(6,5)-gm1b-rds1b-cbd1b;(6,6)+rds1b+cbd1b+rds2b+cbd2b+cgs3+cc;
---------------------


end of build subckt: opamp

Process subckt call xo1
Expand xo1(opamp) ...
gm1a_xo1 104 103 8 103
rds1a_xo1 104 103
cbd1a_xo1 103 104
cgs1a_xo1 8 103
gm1b_xo1 105 103 2 103
rds1b_xo1 105 103
cbd1b_xo1 103 105
cgs1b_xo1 2 103
gm2a_xo1 104 100 104 100
rds2a_xo1 104 100
cbd2a+cgs2a+cgs2b_xo1 100 104
gm2b_xo1 105 100 104 100
rds2b_xo1 105 100
cbd2b+cgs3_xo1 100 105
gm3_xo1 3 100 105 100
rds3+rds4+rl_xo1 3 100
cbd3+cbd4+cgd4+cl_xo1 100 3
rds5_xo1 103 100
cbd5_xo1 100 103
cc_xo1 105 3
build composite expression for (8,8)
BUILDING COFACTOR (4 5) ...
COFACTOR IS PRESENT.
STATISTIC INFO FOR THE DDD
#nodes (DDD): 4
#paths (DDD): 2
BUILDING COFACTOR (5 5) ...
COFACTOR IS PRESENT.
STATISTIC INFO FOR THE DDD
#nodes (DDD): 2
#paths (DDD): 1
build composite expression for (8,3)
BUILDING COFACTOR (6 5) ...
COFACTOR IS PRESENT.
STATISTIC INFO FOR THE DDD
#nodes (DDD): 2
#paths (DDD): 1
build composite expression for (8,2)
BUILDING COFACTOR (5 5) ...
COFACTOR IS PRESENT.
STATISTIC INFO FOR THE DDD
#nodes (DDD): 2
#paths (DDD): 1
BUILDING COFACTOR (6 5) ...
COFACTOR IS PRESENT.
STATISTIC INFO FOR THE DDD
#nodes (DDD): 2
#paths (DDD): 1
build composite expression for (3,8)
BUILDING COFACTOR (4 6) ...
MATRIX EXPANSION IS PERFORMED...
STATISTIC INFO FOR THE DDD
#nodes (DDD): 4
#paths (DDD): 2
BUILDING COFACTOR (5 6) ...
COFACTOR IS PRESENT.
STATISTIC INFO FOR THE DDD
#nodes (DDD): 4
#paths (DDD): 2
build composite expression for (3,3)
BUILDING COFACTOR (6 6) ...
COFACTOR IS PRESENT.
STATISTIC INFO FOR THE DDD
#nodes (DDD): 4
#paths (DDD): 2
build composite expression for (3,2)
BUILDING COFACTOR (5 6) ...
COFACTOR IS PRESENT.
STATISTIC INFO FOR THE DDD
#nodes (DDD): 4
#paths (DDD): 2
BUILDING COFACTOR (6 6) ...
COFACTOR IS PRESENT.
STATISTIC INFO FOR THE DDD
#nodes (DDD): 4
#paths (DDD): 2
build composite expression for (2,8)
BUILDING COFACTOR (4 5) ...
COFACTOR IS PRESENT.
STATISTIC INFO FOR THE DDD
#nodes (DDD): 4
#paths (DDD): 2
BUILDING COFACTOR (5 5) ...
COFACTOR IS PRESENT.
STATISTIC INFO FOR THE DDD
#nodes (DDD): 2
#paths (DDD): 1
build composite expression for (2,3)
BUILDING COFACTOR (6 5) ...
COFACTOR IS PRESENT.
STATISTIC INFO FOR THE DDD
#nodes (DDD): 2
#paths (DDD): 1
build composite expression for (2,2)
BUILDING COFACTOR (5 5) ...
COFACTOR IS PRESENT.
STATISTIC INFO FOR THE DDD
#nodes (DDD): 2
#paths (DDD): 1
BUILDING COFACTOR (6 5) ...
COFACTOR IS PRESENT.
STATISTIC INFO FOR THE DDD
#nodes (DDD): 2
#paths (DDD): 1

Process subckt call xo2
Expand xo2(opamp) ...
gm1a_xo2 204 203 4 203
rds1a_xo2 204 203
cbd1a_xo2 203 204
cgs1a_xo2 4 203
gm1b_xo2 205 203 0 203
rds1b_xo2 205 203
cbd1b_xo2 203 205
cgs1b_xo2 0 203
gm2a_xo2 204 200 204 200
rds2a_xo2 204 200
cbd2a+cgs2a+cgs2b_xo2 200 204
gm2b_xo2 205 200 204 200
rds2b_xo2 205 200
cbd2b+cgs3_xo2 200 205
gm3_xo2 5 200 205 200
rds3+rds4+rl_xo2 5 200
cbd3+cbd4+cgd4+cl_xo2 200 5
rds5_xo2 203 200
cbd5_xo2 200 203
cc_xo2 205 5
build composite expression for (4,4)
BUILDING COFACTOR (4 5) ...
COFACTOR IS PRESENT.
STATISTIC INFO FOR THE DDD
#nodes (DDD): 4
#paths (DDD): 2
BUILDING COFACTOR (5 5) ...
COFACTOR IS PRESENT.
STATISTIC INFO FOR THE DDD
#nodes (DDD): 2
#paths (DDD): 1
build composite expression for (4,5)
BUILDING COFACTOR (6 5) ...
COFACTOR IS PRESENT.
STATISTIC INFO FOR THE DDD
#nodes (DDD): 2
#paths (DDD): 1
build composite expression for (5,4)
BUILDING COFACTOR (4 6) ...
MATRIX EXPANSION IS PERFORMED...
STATISTIC INFO FOR THE DDD
#nodes (DDD): 4
#paths (DDD): 2
BUILDING COFACTOR (5 6) ...
COFACTOR IS PRESENT.
STATISTIC INFO FOR THE DDD
#nodes (DDD): 4
#paths (DDD): 2
build composite expression for (5,5)
BUILDING COFACTOR (6 6) ...
COFACTOR IS PRESENT.
STATISTIC INFO FOR THE DDD
#nodes (DDD): 4
#paths (DDD): 2

Process subckt call xo3
Expand xo3(opamp) ...
gm1a_xo3 304 303 6 303
rds1a_xo3 304 303
cbd1a_xo3 303 304
cgs1a_xo3 6 303
gm1b_xo3 305 303 0 303
rds1b_xo3 305 303
cbd1b_xo3 303 305
cgs1b_xo3 0 303
gm2a_xo3 304 300 304 300
rds2a_xo3 304 300
cbd2a+cgs2a+cgs2b_xo3 300 304
gm2b_xo3 305 300 304 300
rds2b_xo3 305 300
cbd2b+cgs3_xo3 300 305
gm3_xo3 7 300 305 300
rds3+rds4+rl_xo3 7 300
cbd3+cbd4+cgd4+cl_xo3 300 7
rds5_xo3 303 300
cbd5_xo3 300 303
cc_xo3 305 7
build composite expression for (6,6)
BUILDING COFACTOR (4 5) ...
COFACTOR IS PRESENT.
STATISTIC INFO FOR THE DDD
#nodes (DDD): 4
#paths (DDD): 2
BUILDING COFACTOR (5 5) ...
COFACTOR IS PRESENT.
STATISTIC INFO FOR THE DDD
#nodes (DDD): 2
#paths (DDD): 1
build composite expression for (6,7)
BUILDING COFACTOR (6 5) ...
COFACTOR IS PRESENT.
STATISTIC INFO FOR THE DDD
#nodes (DDD): 2
#paths (DDD): 1
build composite expression for (7,6)
BUILDING COFACTOR (4 6) ...
MATRIX EXPANSION IS PERFORMED...
STATISTIC INFO FOR THE DDD
#nodes (DDD): 4
#paths (DDD): 2
BUILDING COFACTOR (5 6) ...
COFACTOR IS PRESENT.
STATISTIC INFO FOR THE DDD
#nodes (DDD): 4
#paths (DDD): 2
build composite expression for (7,7)
BUILDING COFACTOR (6 6) ...
COFACTOR IS PRESENT.
STATISTIC INFO FOR THE DDD
#nodes (DDD): 4
#paths (DDD): 2

Process subckt call xo4
Expand xo4(opamp) ...
gm1a_xo4 404 403 15 403
rds1a_xo4 404 403
cbd1a_xo4 403 404
cgs1a_xo4 15 403
gm1b_xo4 405 403 9 403
rds1b_xo4 405 403
cbd1b_xo4 403 405
cgs1b_xo4 9 403
gm2a_xo4 404 400 404 400
rds2a_xo4 404 400
cbd2a+cgs2a+cgs2b_xo4 400 404
gm2b_xo4 405 400 404 400
rds2b_xo4 405 400
cbd2b+cgs3_xo4 400 405
gm3_xo4 10 400 405 400
rds3+rds4+rl_xo4 10 400
cbd3+cbd4+cgd4+cl_xo4 400 10
rds5_xo4 403 400
cbd5_xo4 400 403
cc_xo4 405 10
build composite expression for (15,15)
BUILDING COFACTOR (4 5) ...
COFACTOR IS PRESENT.
STATISTIC INFO FOR THE DDD
#nodes (DDD): 4
#paths (DDD): 2
BUILDING COFACTOR (5 5) ...
COFACTOR IS PRESENT.
STATISTIC INFO FOR THE DDD
#nodes (DDD): 2
#paths (DDD): 1
build composite expression for (15,10)
BUILDING COFACTOR (6 5) ...
COFACTOR IS PRESENT.
STATISTIC INFO FOR THE DDD
#nodes (DDD): 2
#paths (DDD): 1
build composite expression for (15,9)
BUILDING COFACTOR (5 5) ...
COFACTOR IS PRESENT.
STATISTIC INFO FOR THE DDD
#nodes (DDD): 2
#paths (DDD): 1
BUILDING COFACTOR (6 5) ...
COFACTOR IS PRESENT.
STATISTIC INFO FOR THE DDD
#nodes (DDD): 2
#paths (DDD): 1
build composite expression for (10,15)
BUILDING COFACTOR (4 6) ...
MATRIX EXPANSION IS PERFORMED...
STATISTIC INFO FOR THE DDD
#nodes (DDD): 4
#paths (DDD): 2
BUILDING COFACTOR (5 6) ...
COFACTOR IS PRESENT.
STATISTIC INFO FOR THE DDD
#nodes (DDD): 4
#paths (DDD): 2
build composite expression for (10,10)
BUILDING COFACTOR (6 6) ...
COFACTOR IS PRESENT.
STATISTIC INFO FOR THE DDD
#nodes (DDD): 4
#paths (DDD): 2
build composite expression for (10,9)
BUILDING COFACTOR (5 6) ...
COFACTOR IS PRESENT.
STATISTIC INFO FOR THE DDD
#nodes (DDD): 4
#paths (DDD): 2
BUILDING COFACTOR (6 6) ...
COFACTOR IS PRESENT.
STATISTIC INFO FOR THE DDD
#nodes (DDD): 4
#paths (DDD): 2
build composite expression for (9,15)
BUILDING COFACTOR (4 5) ...
COFACTOR IS PRESENT.
STATISTIC INFO FOR THE DDD
#nodes (DDD): 4
#paths (DDD): 2
BUILDING COFACTOR (5 5) ...
COFACTOR IS PRESENT.
STATISTIC INFO FOR THE DDD
#nodes (DDD): 2
#paths (DDD): 1
build composite expression for (9,10)
BUILDING COFACTOR (6 5) ...
COFACTOR IS PRESENT.
STATISTIC INFO FOR THE DDD
#nodes (DDD): 2
#paths (DDD): 1
build composite expression for (9,9)
BUILDING COFACTOR (5 5) ...
COFACTOR IS PRESENT.
STATISTIC INFO FOR THE DDD
#nodes (DDD): 2
#paths (DDD): 1
BUILDING COFACTOR (6 5) ...
COFACTOR IS PRESENT.
STATISTIC INFO FOR THE DDD
#nodes (DDD): 2
#paths (DDD): 1

Process subckt call xo5
Expand xo5(opamp) ...
gm1a_xo5 504 503 11 503
rds1a_xo5 504 503
cbd1a_xo5 503 504
cgs1a_xo5 11 503
gm1b_xo5 505 503 0 503
rds1b_xo5 505 503
cbd1b_xo5 503 505
cgs1b_xo5 0 503
gm2a_xo5 504 500 504 500
rds2a_xo5 504 500
cbd2a+cgs2a+cgs2b_xo5 500 504
gm2b_xo5 505 500 504 500
rds2b_xo5 505 500
cbd2b+cgs3_xo5 500 505
gm3_xo5 12 500 505 500
rds3+rds4+rl_xo5 12 500
cbd3+cbd4+cgd4+cl_xo5 500 12
rds5_xo5 503 500
cbd5_xo5 500 503
cc_xo5 505 12
build composite expression for (11,11)
BUILDING COFACTOR (4 5) ...
COFACTOR IS PRESENT.
STATISTIC INFO FOR THE DDD
#nodes (DDD): 4
#paths (DDD): 2
BUILDING COFACTOR (5 5) ...
COFACTOR IS PRESENT.
STATISTIC INFO FOR THE DDD
#nodes (DDD): 2
#paths (DDD): 1
build composite expression for (11,12)
BUILDING COFACTOR (6 5) ...
COFACTOR IS PRESENT.
STATISTIC INFO FOR THE DDD
#nodes (DDD): 2
#paths (DDD): 1
build composite expression for (12,11)
BUILDING COFACTOR (4 6) ...
MATRIX EXPANSION IS PERFORMED...
STATISTIC INFO FOR THE DDD
#nodes (DDD): 4
#paths (DDD): 2
BUILDING COFACTOR (5 6) ...
COFACTOR IS PRESENT.
STATISTIC INFO FOR THE DDD
#nodes (DDD): 4
#paths (DDD): 2
build composite expression for (12,12)
BUILDING COFACTOR (6 6) ...
COFACTOR IS PRESENT.
STATISTIC INFO FOR THE DDD
#nodes (DDD): 4
#paths (DDD): 2

Process subckt call xo6
Expand xo6(opamp) ...
gm1a_xo6 604 603 13 603
rds1a_xo6 604 603
cbd1a_xo6 603 604
cgs1a_xo6 13 603
gm1b_xo6 605 603 0 603
rds1b_xo6 605 603
cbd1b_xo6 603 605
cgs1b_xo6 0 603
gm2a_xo6 604 600 604 600
rds2a_xo6 604 600
cbd2a+cgs2a+cgs2b_xo6 600 604
gm2b_xo6 605 600 604 600
rds2b_xo6 605 600
cbd2b+cgs3_xo6 600 605
gm3_xo6 14 600 605 600
rds3+rds4+rl_xo6 14 600
cbd3+cbd4+cgd4+cl_xo6 600 14
rds5_xo6 603 600
cbd5_xo6 600 603
cc_xo6 605 14
build composite expression for (13,13)
BUILDING COFACTOR (4 5) ...
COFACTOR IS PRESENT.
STATISTIC INFO FOR THE DDD
#nodes (DDD): 4
#paths (DDD): 2
BUILDING COFACTOR (5 5) ...
COFACTOR IS PRESENT.
STATISTIC INFO FOR THE DDD
#nodes (DDD): 2
#paths (DDD): 1
build composite expression for (13,14)
BUILDING COFACTOR (6 5) ...
COFACTOR IS PRESENT.
STATISTIC INFO FOR THE DDD
#nodes (DDD): 2
#paths (DDD): 1
build composite expression for (14,13)
BUILDING COFACTOR (4 6) ...
MATRIX EXPANSION IS PERFORMED...
STATISTIC INFO FOR THE DDD
#nodes (DDD): 4
#paths (DDD): 2
BUILDING COFACTOR (5 6) ...
COFACTOR IS PRESENT.
STATISTIC INFO FOR THE DDD
#nodes (DDD): 4
#paths (DDD): 2
build composite expression for (14,14)
BUILDING COFACTOR (6 6) ...
COFACTOR IS PRESENT.
STATISTIC INFO FOR THE DDD
#nodes (DDD): 4
#paths (DDD): 2

Process subckt call xo7
Expand xo7(opamp) ...
gm1a_xo7 704 703 22 703
rds1a_xo7 704 703
cbd1a_xo7 703 704
cgs1a_xo7 22 703
gm1b_xo7 705 703 16 703
rds1b_xo7 705 703
cbd1b_xo7 703 705
cgs1b_xo7 16 703
gm2a_xo7 704 700 704 700
rds2a_xo7 704 700
cbd2a+cgs2a+cgs2b_xo7 700 704
gm2b_xo7 705 700 704 700
rds2b_xo7 705 700
cbd2b+cgs3_xo7 700 705
gm3_xo7 17 700 705 700
rds3+rds4+rl_xo7 17 700
cbd3+cbd4+cgd4+cl_xo7 700 17
rds5_xo7 703 700
cbd5_xo7 700 703
cc_xo7 705 17
build composite expression for (22,22)
BUILDING COFACTOR (4 5) ...
COFACTOR IS PRESENT.
STATISTIC INFO FOR THE DDD
#nodes (DDD): 4
#paths (DDD): 2
BUILDING COFACTOR (5 5) ...
COFACTOR IS PRESENT.
STATISTIC INFO FOR THE DDD
#nodes (DDD): 2
#paths (DDD): 1
build composite expression for (22,17)
BUILDING COFACTOR (6 5) ...
COFACTOR IS PRESENT.
STATISTIC INFO FOR THE DDD
#nodes (DDD): 2
#paths (DDD): 1
build composite expression for (22,16)
BUILDING COFACTOR (5 5) ...
COFACTOR IS PRESENT.
STATISTIC INFO FOR THE DDD
#nodes (DDD): 2
#paths (DDD): 1
BUILDING COFACTOR (6 5) ...
COFACTOR IS PRESENT.
STATISTIC INFO FOR THE DDD
#nodes (DDD): 2
#paths (DDD): 1
build composite expression for (17,22)
BUILDING COFACTOR (4 6) ...
MATRIX EXPANSION IS PERFORMED...
STATISTIC INFO FOR THE DDD
#nodes (DDD): 4
#paths (DDD): 2
BUILDING COFACTOR (5 6) ...
COFACTOR IS PRESENT.
STATISTIC INFO FOR THE DDD
#nodes (DDD): 4
#paths (DDD): 2
build composite expression for (17,17)
BUILDING COFACTOR (6 6) ...
COFACTOR IS PRESENT.
STATISTIC INFO FOR THE DDD
#nodes (DDD): 4
#paths (DDD): 2
build composite expression for (17,16)
BUILDING COFACTOR (5 6) ...
COFACTOR IS PRESENT.
STATISTIC INFO FOR THE DDD
#nodes (DDD): 4
#paths (DDD): 2
BUILDING COFACTOR (6 6) ...
COFACTOR IS PRESENT.
STATISTIC INFO FOR THE DDD
#nodes (DDD): 4
#paths (DDD): 2
build composite expression for (16,22)
BUILDING COFACTOR (4 5) ...
COFACTOR IS PRESENT.
STATISTIC INFO FOR THE DDD
#nodes (DDD): 4
#paths (DDD): 2
BUILDING COFACTOR (5 5) ...
COFACTOR IS PRESENT.
STATISTIC INFO FOR THE DDD
#nodes (DDD): 2
#paths (DDD): 1
build composite expression for (16,17)
BUILDING COFACTOR (6 5) ...
COFACTOR IS PRESENT.
STATISTIC INFO FOR THE DDD
#nodes (DDD): 2
#paths (DDD): 1
build composite expression for (16,16)
BUILDING COFACTOR (5 5) ...
COFACTOR IS PRESENT.
STATISTIC INFO FOR THE DDD
#nodes (DDD): 2
#paths (DDD): 1
BUILDING COFACTOR (6 5) ...
COFACTOR IS PRESENT.
STATISTIC INFO FOR THE DDD
#nodes (DDD): 2
#paths (DDD): 1

Process subckt call xo8
Expand xo8(opamp) ...
gm1a_xo8 804 803 18 803
rds1a_xo8 804 803
cbd1a_xo8 803 804
cgs1a_xo8 18 803
gm1b_xo8 805 803 0 803
rds1b_xo8 805 803
cbd1b_xo8 803 805
cgs1b_xo8 0 803
gm2a_xo8 804 800 804 800
rds2a_xo8 804 800
cbd2a+cgs2a+cgs2b_xo8 800 804
gm2b_xo8 805 800 804 800
rds2b_xo8 805 800
cbd2b+cgs3_xo8 800 805
gm3_xo8 19 800 805 800
rds3+rds4+rl_xo8 19 800
cbd3+cbd4+cgd4+cl_xo8 800 19
rds5_xo8 803 800
cbd5_xo8 800 803
cc_xo8 805 19
build composite expression for (18,18)
BUILDING COFACTOR (4 5) ...
COFACTOR IS PRESENT.
STATISTIC INFO FOR THE DDD
#nodes (DDD): 4
#paths (DDD): 2
BUILDING COFACTOR (5 5) ...
COFACTOR IS PRESENT.
STATISTIC INFO FOR THE DDD
#nodes (DDD): 2
#paths (DDD): 1
build composite expression for (18,19)
BUILDING COFACTOR (6 5) ...
COFACTOR IS PRESENT.
STATISTIC INFO FOR THE DDD
#nodes (DDD): 2
#paths (DDD): 1
build composite expression for (19,18)
BUILDING COFACTOR (4 6) ...
MATRIX EXPANSION IS PERFORMED...
STATISTIC INFO FOR THE DDD
#nodes (DDD): 4
#paths (DDD): 2
BUILDING COFACTOR (5 6) ...
COFACTOR IS PRESENT.
STATISTIC INFO FOR THE DDD
#nodes (DDD): 4
#paths (DDD): 2
build composite expression for (19,19)
BUILDING COFACTOR (6 6) ...
COFACTOR IS PRESENT.
STATISTIC INFO FOR THE DDD
#nodes (DDD): 4
#paths (DDD): 2

Process subckt call xo9
Expand xo9(opamp) ...
gm1a_xo9 904 903 20 903
rds1a_xo9 904 903
cbd1a_xo9 903 904
cgs1a_xo9 20 903
gm1b_xo9 905 903 0 903
rds1b_xo9 905 903
cbd1b_xo9 903 905
cgs1b_xo9 0 903
gm2a_xo9 904 900 904 900
rds2a_xo9 904 900
cbd2a+cgs2a+cgs2b_xo9 900 904
gm2b_xo9 905 900 904 900
rds2b_xo9 905 900
cbd2b+cgs3_xo9 900 905
gm3_xo9 21 900 905 900
rds3+rds4+rl_xo9 21 900
cbd3+cbd4+cgd4+cl_xo9 900 21
rds5_xo9 903 900
cbd5_xo9 900 903
cc_xo9 905 21
build composite expression for (20,20)
BUILDING COFACTOR (4 5) ...
COFACTOR IS PRESENT.
STATISTIC INFO FOR THE DDD
#nodes (DDD): 4
#paths (DDD): 2
BUILDING COFACTOR (5 5) ...
COFACTOR IS PRESENT.
STATISTIC INFO FOR THE DDD
#nodes (DDD): 2
#paths (DDD): 1
build composite expression for (20,21)
BUILDING COFACTOR (6 5) ...
COFACTOR IS PRESENT.
STATISTIC INFO FOR THE DDD
#nodes (DDD): 2
#paths (DDD): 1
build composite expression for (21,20)
BUILDING COFACTOR (4 6) ...
MATRIX EXPANSION IS PERFORMED...
STATISTIC INFO FOR THE DDD
#nodes (DDD): 4
#paths (DDD): 2
BUILDING COFACTOR (5 6) ...
COFACTOR IS PRESENT.
STATISTIC INFO FOR THE DDD
#nodes (DDD): 4
#paths (DDD): 2
build composite expression for (21,21)
BUILDING COFACTOR (6 6) ...
COFACTOR IS PRESENT.
STATISTIC INFO FOR THE DDD
#nodes (DDD): 4
#paths (DDD): 2

Process subckt call xo13
Expand xo13(opamp) ...
gm1a_xo13 1004 1003 32 1003
rds1a_xo13 1004 1003
cbd1a_xo13 1003 1004
cgs1a_xo13 32 1003
gm1b_xo13 1005 1003 31 1003
rds1b_xo13 1005 1003
cbd1b_xo13 1003 1005
cgs1b_xo13 31 1003
gm2a_xo13 1004 1000 1004 1000
rds2a_xo13 1004 1000
cbd2a+cgs2a+cgs2b_xo13 1000 1004
gm2b_xo13 1005 1000 1004 1000
rds2b_xo13 1005 1000
cbd2b+cgs3_xo13 1000 1005
gm3_xo13 26 1000 1005 1000
rds3+rds4+rl_xo13 26 1000
cbd3+cbd4+cgd4+cl_xo13 1000 26
rds5_xo13 1003 1000
cbd5_xo13 1000 1003
cc_xo13 1005 26
build composite expression for (32,32)
BUILDING COFACTOR (4 5) ...
COFACTOR IS PRESENT.
STATISTIC INFO FOR THE DDD
#nodes (DDD): 4
#paths (DDD): 2
BUILDING COFACTOR (5 5) ...
COFACTOR IS PRESENT.
STATISTIC INFO FOR THE DDD
#nodes (DDD): 2
#paths (DDD): 1
build composite expression for (32,26)
BUILDING COFACTOR (6 5) ...
COFACTOR IS PRESENT.
STATISTIC INFO FOR THE DDD
#nodes (DDD): 2
#paths (DDD): 1
build composite expression for (32,31)
BUILDING COFACTOR (5 5) ...
COFACTOR IS PRESENT.
STATISTIC INFO FOR THE DDD
#nodes (DDD): 2
#paths (DDD): 1
BUILDING COFACTOR (6 5) ...
COFACTOR IS PRESENT.
STATISTIC INFO FOR THE DDD
#nodes (DDD): 2
#paths (DDD): 1
build composite expression for (26,32)
BUILDING COFACTOR (4 6) ...
MATRIX EXPANSION IS PERFORMED...
STATISTIC INFO FOR THE DDD
#nodes (DDD): 4
#paths (DDD): 2
BUILDING COFACTOR (5 6) ...
COFACTOR IS PRESENT.
STATISTIC INFO FOR THE DDD
#nodes (DDD): 4
#paths (DDD): 2
build composite expression for (26,26)
BUILDING COFACTOR (6 6) ...
COFACTOR IS PRESENT.
STATISTIC INFO FOR THE DDD
#nodes (DDD): 4
#paths (DDD): 2
build composite expression for (26,31)
BUILDING COFACTOR (5 6) ...
COFACTOR IS PRESENT.
STATISTIC INFO FOR THE DDD
#nodes (DDD): 4
#paths (DDD): 2
BUILDING COFACTOR (6 6) ...
COFACTOR IS PRESENT.
STATISTIC INFO FOR THE DDD
#nodes (DDD): 4
#paths (DDD): 2
build composite expression for (31,32)
BUILDING COFACTOR (4 5) ...
COFACTOR IS PRESENT.
STATISTIC INFO FOR THE DDD
#nodes (DDD): 4
#paths (DDD): 2
BUILDING COFACTOR (5 5) ...
COFACTOR IS PRESENT.
STATISTIC INFO FOR THE DDD
#nodes (DDD): 2
#paths (DDD): 1
build composite expression for (31,26)
BUILDING COFACTOR (6 5) ...
COFACTOR IS PRESENT.
STATISTIC INFO FOR THE DDD
#nodes (DDD): 2
#paths (DDD): 1
build composite expression for (31,31)
BUILDING COFACTOR (5 5) ...
COFACTOR IS PRESENT.
STATISTIC INFO FOR THE DDD
#nodes (DDD): 2
#paths (DDD): 1
BUILDING COFACTOR (6 5) ...
COFACTOR IS PRESENT.
STATISTIC INFO FOR THE DDD
#nodes (DDD): 2
#paths (DDD): 1
number of element is: 93


THE MNA BOOLEAN MATRIX 
(1) [  1   1   0   0   0   0   0   0   0   0   0   0   0   0   0   0   0   0   0   0   0   0   0   0   0 ]
(2) [  1   1   0   1   1   0   0   0   0   0   0   0   0   0   0   0   0   0   0   0   0   0   0   0   0 ]
(3) [  0   0   1   1   0   0   0   0   0   0   0   0   0   1   1   0   1   0   0   0   0   0   0   0   0 ]
(4) [  0   1   1   1   1   0   0   0   1   0   0   0   0   0   0   0   0   0   0   0   0   0   0   0   0 ]
(5) [  0   1   0   1   1   1   0   0   0   0   0   0   0   0   0   0   0   0   0   0   0   0   0   0   0 ]
(6) [  0   0   0   0   1   1   1   0   0   0   0   0   0   0   0   0   0   0   0   0   0   0   0   0   0 ]
(7) [  0   0   0   0   0   1   1   1   0   1   0   0   0   0   0   0   0   0   0   0   0   0   0   0   0 ]
(8) [  0   0   0   0   0   0   1   1   1   0   0   0   0   0   0   0   0   0   0   0   0   0   0   0   0 ]
(9) [  0   0   0   1   0   0   0   1   1   0   0   0   0   0   0   0   0   0   0   0   0   0   0   0   0 ]
(10) [  0   0   0   0   0   0   1   0   0   1   0   1   1   0   0   0   0   0   0   0   0   0   0   0   0 ]
(11) [  0   0   0   0   0   0   0   0   0   0   1   1   0   0   0   0   0   0   0   0   1   1   0   1   0 ]
(12) [  0   0   0   0   0   0   0   0   0   1   1   1   1   0   0   1   0   0   0   0   0   0   0   0   0 ]
(13) [  0   0   0   0   0   0   0   0   0   1   0   1   1   1   0   0   0   0   0   0   0   0   0   0   0 ]
(14) [  0   0   1   0   0   0   0   0   0   0   0   0   1   1   0   0   0   0   0   0   0   0   0   0   0 ]
(15) [  0   0   1   0   0   0   0   0   0   0   0   0   0   0   1   1   0   0   0   0   0   0   0   0   0 ]
(16) [  0   0   0   0   0   0   0   0   0   0   0   1   0   0   1   1   0   0   0   0   0   0   0   0   0 ]
(17) [  0   0   1   0   0   0   0   0   0   0   0   0   0   0   0   0   1   1   0   1   0   0   0   0   0 ]
(18) [  0   0   0   0   0   0   0   0   0   0   0   0   0   0   0   0   1   1   1   1   0   0   1   0   0 ]
(19) [  0   0   0   0   0   0   0   0   0   0   0   0   0   0   0   0   0   1   1   0   0   0   0   1   1 ]
(20) [  0   0   0   0   0   0   0   0   0   0   0   0   0   0   0   0   1   1   0   1   1   0   0   0   0 ]
(21) [  0   0   0   0   0   0   0   0   0   0   1   0   0   0   0   0   0   0   0   1   1   0   0   0   0 ]
(22) [  0   0   0   0   0   0   0   0   0   0   1   0   0   0   0   0   0   0   0   0   0   1   1   0   0 ]
(23) [  0   0   0   0   0   0   0   0   0   0   0   0   0   0   0   0   0   1   0   0   0   1   1   0   0 ]
(24) [  0   0   0   0   0   0   0   0   0   0   1   0   0   0   0   0   0   0   1   0   0   0   0   1   1 ]
(25) [  0   0   0   0   0   0   0   0   0   0   0   0   0   0   0   0   0   0   1   0   0   0   0   1   1 ]


[4,3] has been forcely assigned 


THE INDEX MATRIX 
(1) [ 93  91   0   0   0   0   0   0   0   0   0   0   0   0   0   0   0   0   0   0   0   0   0   0   0 ]
(2) [ 92  90   0  86  87   0   0   0   0   0   0   0   0   0   0   0   0   0   0   0   0   0   0   0   0 ]
(3) [  0   0  50  75   0   0   0   0   0   0   0   0   0  52  47   0  46   0   0   0   0   0   0   0   0 ]
(4) [  0  88  74  77  83   0   0   0  73   0   0   0   0   0   0   0   0   0   0   0   0   0   0   0   0 ]
(5) [  0  89   0  81  85  82   0   0   0   0   0   0   0   0   0   0   0   0   0   0   0   0   0   0   0 ]
(6) [  0   0   0   0  84  80  78   0   0   0   0   0   0   0   0   0   0   0   0   0   0   0   0   0   0 ]
(7) [  0   0   0   0   0  79  66  68   0  64   0   0   0   0   0   0   0   0   0   0   0   0   0   0   0 ]
(8) [  0   0   0   0   0   0  67  69  71   0   0   0   0   0   0   0   0   0   0   0   0   0   0   0   0 ]
(9) [  0   0   0  76   0   0   0  70  72   0   0   0   0   0   0   0   0   0   0   0   0   0   0   0   0 ]
(10) [  0   0   0   0   0   0  65   0   0  63   0  59  60   0   0   0   0   0   0   0   0   0   0   0   0 ]
(11) [  0   0   0   0   0   0   0   0   0   0  23  38   0   0   0   0   0   0   0   0  25  20   0  19   0 ]
(12) [  0   0   0   0   0   0   0   0   0  61  37  39  56   0   0  41   0   0   0   0   0   0   0   0   0 ]
(13) [  0   0   0   0   0   0   0   0   0  62   0  54  58  55   0   0   0   0   0   0   0   0   0   0   0 ]
(14) [  0   0  51   0   0   0   0   0   0   0   0   0  57  53   0   0   0   0   0   0   0   0   0   0   0 ]
(15) [  0   0  49   0   0   0   0   0   0   0   0   0   0   0  45  43   0   0   0   0   0   0   0   0   0 ]
(16) [  0   0   0   0   0   0   0   0   0   0   0  40   0   0  44  42   0   0   0   0   0   0   0   0   0 ]
(17) [  0   0  48   0   0   0   0   0   0   0   0   0   0   0   0   0  36  32   0  33   0   0   0   0   0 ]
(18) [  0   0   0   0   0   0   0   0   0   0   0   0   0   0   0   0  34  12  10  29   0   0  14   0   0 ]
(19) [  0   0   0   0   0   0   0   0   0   0   0   0   0   0   0   0   0  11   9   0   0   0   0   6   5 ]
(20) [  0   0   0   0   0   0   0   0   0   0   0   0   0   0   0   0  35  27   0  31  28   0   0   0   0 ]
(21) [  0   0   0   0   0   0   0   0   0   0  24   0   0   0   0   0   0   0   0  30  26   0   0   0   0 ]
(22) [  0   0   0   0   0   0   0   0   0   0  22   0   0   0   0   0   0   0   0   0   0  18  16   0   0 ]
(23) [  0   0   0   0   0   0   0   0   0   0   0   0   0   0   0   0   0  13   0   0   0  17  15   0   0 ]
(24) [  0   0   0   0   0   0   0   0   0   0  21   0   0   0   0   0   0   0   8   0   0   0   0   4   2 ]
(25) [  0   0   0   0   0   0   0   0   0   0   0   0   0   0   0   0   0   0   7   0   0   0   0   3   1 ]


Init_label:0
STATISTIC INFO FOR THE DDD
#nodes (DDD): 357
#paths (DDD): 2.25771e+06
row(real, index)
---------------------
row(1,1)  (1,1)+r1;(1,2)-r1;
row(2,2)  (2,2)+r1+r3+cgs1b;(2,1)-r1;(2,4);(2,5);
row(12,3)  (3,3)+r2+r15+c15+r16+r19+rds3+rds4+rl+cbd3+cbd4+cgd4+cl+cc;(3,4)-r2;(3,14)-r15-c15;(3,15)-r16;(3,17)-r19;
row(8,4)  (4,4)+r2+r4+r9+cgs1a;(4,2);(4,3)-r2;(4,5)-r4;(4,9)-r9;
row(3,5)  (5,5)+r4+r5+rds3+rds4+rl+cbd3+cbd4+cgd4+cl+cc;(5,2);(5,4)-r4;(5,6)-r5;
row(4,6)  (6,6)+r5+r6+c6+cgs1a;(6,5)-r5;(6,7)-r6-c6;
row(5,7)  (7,7)+r6+c6+r7+r10+rds3+rds4+rl+cbd3+cbd4+cgd4+cl+cc;(7,6)-r6-c6;(7,8)-r7;(7,10)-r10;
row(6,8)  (8,8)+r7+c8+cgs1a;(8,7)-r7;(8,9)-c8;
row(7,9)  (9,9)+c8+r9+rds3+rds4+rl+cbd3+cbd4+cgd4+cl+cc;(9,4)-r9;(9,8)-c8;
row(9,10)  (10,10)+r10+r12+cgs1b;(10,7)-r10;(10,12);(10,13);
row(19,11)  (11,11)+r11+r24+c24+r25+r37+rds3+rds4+rl+cbd3+cbd4+cgd4+cl+cc;(11,12)-r11;(11,21)-r24-c24;(11,22)-r25;(11,24)-r37;
row(15,12)  (12,12)+r11+r13+r18+cgs1a;(12,10);(12,11)-r11;(12,13)-r13;(12,16)-r18;
row(10,13)  (13,13)+r13+r14+rds3+rds4+rl+cbd3+cbd4+cgd4+cl+cc;(13,10);(13,12)-r13;(13,14)-r14;
row(11,14)  (14,14)+r14+r15+c15+cgs1a;(14,3)-r15-c15;(14,13)-r14;
row(13,15)  (15,15)+r16+c17+cgs1a;(15,3)-r16;(15,16)-c17;
row(14,16)  (16,16)+c17+r18+rds3+rds4+rl+cbd3+cbd4+cgd4+cl+cc;(16,12)-r18;(16,15)-c17;
row(16,17)  (17,17)+r19+r21+cgs1b;(17,3)-r19;(17,18);(17,20);
row(22,18)  (18,18)+r20+r22+r27+cgs1a;(18,17);(18,19)-r20;(18,20)-r22;(18,23)-r27;
row(26,19)  (19,19)+r20+r40+rds3+rds4+rl+cbd3+cbd4+cgd4+cl+cc;(19,18)-r20;(19,24);(19,25)-r40;
row(17,20)  (20,20)+r22+r23+rds3+rds4+rl+cbd3+cbd4+cgd4+cl+cc;(20,17);(20,18)-r22;(20,21)-r23;
row(18,21)  (21,21)+r23+r24+c24+cgs1a;(21,11)-r24-c24;(21,20)-r23;
row(20,22)  (22,22)+r25+c26+cgs1a;(22,11)-r25;(22,23)-c26;
row(21,23)  (23,23)+c26+r27+rds3+rds4+rl+cbd3+cbd4+cgd4+cl+cc;(23,18)-r27;(23,22)-c26;
row(31,24)  (24,24)+r37+r39+cgs1b;(24,19);(24,11)-r37;(24,25);
row(32,25)  (25,25)+r38+r40+cgs1a;(25,24);(25,19)-r40;
---------------------

DDD construction time: 0.18
BUILDING SYMBOLIC EXPRESSIONS ...
BUILDING COFACTOR (1 19) ...
MATRIX EXPANSION IS PERFORMED...
STATISTIC INFO FOR THE DDD
#nodes (DDD): 202
#paths (DDD): 34332
BUILDING COFACTOR (1 1) ...
COFACTOR IS PRESENT.
STATISTIC INFO FOR THE DDD
#nodes (DDD): 354
#paths (DDD): 1.56879e+06
END OF BUILDING SYMBOLIC EXPRESSIONS
FREQUENCY SWEEPING ...
END OF FREQUENCY SWEEPING 
Evaluation time time: 3.78
END OF NUMERICAL AC ANALYSIS
3.960000
[0:06.6u 0:00.1s 3064k]
: run
IMPLICIT NUMERICAL AC ANALYSIS ...
DDD construction time: 0
FREQUENCY SWEEPING ...
END OF FREQUENCY SWEEPING 
Evaluation time time: 3.6
END OF NUMERICAL AC ANALYSIS
3.600000
[0:06.0u 0:00.0s 3064k]
: ! 'plot' uses xgraph to display the numerical evluation results.
: plot
0.040000
[0:00.0u 0:00.0s 3088k]
: ! 'status' displays some statisitic information. You can
: ! find the #DDD information here.
: stat
----------------------
Ckt: starzyk2_34_pino.sp
Title: * Testing Starzyk's example
#nodes: 52
#branch: 68
#stimula: 1
#output node: 1
----------------------
magnitude error(magerr): 0.1
phase error(phserr): 0.1
Rel_Threshold(relth): 0.9
Rel_Threshold(for num coeff)(nrelth): 0.01
Rel_Threshold(for den coeff)(drelth): 0.01
coeff suppress th(alpha): 0.01
---------------------
#(top level)total nodes (DDD): 549
#(top level)total paths (DDD): 0
#total nodes (DDD): 17
#total paths (DDD): 0
#total overall nodes (DDD): 566
#total overall pathes (DDD): 0
---------------------
0.090000
[0:00.2u 0:00.0s 3088k]
: ! 'exit' quits from scad3
[0:12.8u 0:00.1s 3088k] SCAD3 done.
